Godot Engine v4.6.2.stable.official.71f334935 - https://godotengine.org

[   0% ] [90m[1mfirst_scan_filesystem[22m | Started Project initialization (5 steps)[39m[0m
[   0% ] [90m[1mfirst_scan_filesystem[22m | Scanning file structure...[39m[0m
[  16% ] [90m[1mfirst_scan_filesystem[22m | Loading global class names...[39m[0m
[  33% ] [90m[1mfirst_scan_filesystem[22m | Verifying GDExtensions...[39m[0m
[  50% ] [90m[1mfirst_scan_filesystem[22m | Creating autoload scripts...[39m[0m
[  66% ] [90m[1mfirst_scan_filesystem[22m | Initializing plugins...[39m[0m
[  83% ] [90m[1mfirst_scan_filesystem[22m | Starting file scan...[39m[0m
[92m[ DONE ][39m [1mfirst_scan_filesystem[22m
[0m
[   0% ] [90m[1msavepack[22m | Started Packing (102 steps)[39m[0m
[   1% ] [90m[1msavepack[22m | Storing File: res://addons/webrtc_native/webrtc_native.gdextension[39m[0m
[  13% ] [90m[1msavepack[22m | Storing File: res://.godot/exported/133200997/export-4eb79cb5b6681b832e009c00be126b0a-smoke.scn[39m[0m
[  26% ] [90m[1msavepack[22m | Storing File: res://.godot/exported/133200997/export-3ad5c15c4f3250da0cc7c1af1770d85f-main.scn[39m[0m
[  37% ] [90m[1msavepack[22m | Storing File: res://scripts/flight/controls.gdc[39m[0m
[  50% ] [90m[1msavepack[22m | Storing File: res://scripts/net/net.gdc[39m[0m
[  62% ] [90m[1msavepack[22m | Storing File: res://scripts/net/ntfy_stream.gdc[39m[0m
[  74% ] [90m[1msavepack[22m | Storing File: res://scripts/test/smoke.gdc[39m[0m
[  86% ] [90m[1msavepack[22m | Storing File: res://scripts/main.gdc[39m[0m
[  86% ] [90m[1msavepack[22m | Storing File: res://scenes/test/smoke.tscn.remap[39m[0m
[  86% ] [90m[1msavepack[22m | Storing File: res://scenes/main.tscn.remap[39m[0m
[  86% ] [90m[1msavepack[22m | Storing File: res://scripts/flight/controls.gd.remap[39m[0m
[  86% ] [90m[1msavepack[22m | Storing File: res://scripts/net/net.gd.remap[39m[0m
[  86% ] [90m[1msavepack[22m | Storing File: res://scripts/net/ntfy_stream.gd.remap[39m[0m
[  86% ] [90m[1msavepack[22m | Storing File: res://scripts/test/smoke.gd.remap[39m[0m
[  86% ] [90m[1msavepack[22m | Storing File: res://scripts/main.gd.remap[39m[0m
[  86% ] [90m[1msavepack[22m | Storing File: res://.godot/global_script_class_cache.cfg[39m[0m
[  86% ] [90m[1msavepack[22m | Storing File: res://.godot/uid_cache.bin[39m[0m
[  86% ] [90m[1msavepack[22m | Storing File: res://.godot/extension_list.cfg[39m[0m
[  86% ] [90m[1msavepack[22m | Storing File: res://project.binary[39m[0m
[92m[ DONE ][39m [1msavepack[22m
[0m
