Godot Engine v4.6.2.stable.official.71f334935 - https://godotengine.org

[   0% ] [90m[1mfirst_scan_filesystem[22m | Started Project initialization (5 steps)[39m[0m
[   0% ] [90m[1mfirst_scan_filesystem[22m | Scanning file structure...[39m[0m
[  16% ] [90m[1mfirst_scan_filesystem[22m | Loading global class names...[39m[0m
[  33% ] [90m[1mfirst_scan_filesystem[22m | Verifying GDExtensions...[39m[0m
[  50% ] [90m[1mfirst_scan_filesystem[22m | Creating autoload scripts...[39m[0m
[  66% ] [90m[1mfirst_scan_filesystem[22m | Initializing plugins...[39m[0m
[  83% ] [90m[1mfirst_scan_filesystem[22m | Starting file scan...[39m[0m
[92m[ DONE ][39m [1mfirst_scan_filesystem[22m
[0m
[   0% ] [90m[1mupdate_scripts_classes[22m | Started Registering global classes... (5 steps)[39m[0m
[   0% ] [90m[1mupdate_scripts_classes[22m | [39m[0m
[  16% ] [90m[1mupdate_scripts_classes[22m | [39m[0m
[  33% ] [90m[1mupdate_scripts_classes[22m | NtfyStream[39m[0m
[  50% ] [90m[1mupdate_scripts_classes[22m | [39m[0m
[  66% ] [90m[1mupdate_scripts_classes[22m | [39m[0m
[92m[ DONE ][39m [1mupdate_scripts_classes[22m
[0m
[   0% ] [90m[1mloading_editor_layout[22m | Started Loading editor (5 steps)[39m[0m
[   0% ] [90m[1mloading_editor_layout[22m | Loading editor layout...[39m[0m
[  16% ] [90m[1mloading_editor_layout[22m | Loading docks...[39m[0m
[92m[ DONE ][39m [1mloading_editor_layout[22m
[0m

================================================================
handle_crash: Program crashed with signal 11
Engine version: Godot Engine v4.6.2.stable.official (71f334935c000924d403448e698df4441130df18)
Dumping the backtrace. Please include this when reporting the bug on: https://github.com/godotengine/godot/issues
[1] 1   libsystem_platform.dylib            0x00007ff8145ad3bd _sigtramp + 29
[2] 2   libsystem_malloc.dylib              0x00007ff8143a38fd tiny_free_scan_madvise_free + 581
[3] DocTools::generate(BitField<DocTools::GenerateFlags>) (in Godot) + 909
[4] EditorHelp::_gen_extensions_docs() (in Godot) + 26
[5] CallQueue::_call_function(Callable const&, Variant const*, int, bool) (in Godot) + 324
[6] CallQueue::flush() (in Godot) + 343
[7] Main::cleanup(bool) (in Godot) + 503
[8] OS_MacOS_Headless::run() (in Godot) + 519
[9] main (in Godot) + 1077
[10] 10  dyld                                0x00007ff8141be1c8 start + 3240
-- END OF C++ BACKTRACE --
================================================================
